start
s001=0
app__alive=True err=0
s002=0
s003=0
doc__alive=True err=0
s004=0
s005=0
meshinggroup__alive=True err=0
s006=0
vmdl__alive=False err=0
s007=0
s008=424
s009=0
s010=424
s011=424
s012=0
s013=0
vmdl__alive=False err=0
s014=0
s015=424
s016=0
s017=424
s018=424
s019=0
s020=0
vmdl__alive=False err=0
s021=424
s022=0
s023=0
s024=0
octree__alive=True err=0
s025=0
s026=0
s027=0
s028=0
octree__alive=True err=0
s029=0
s030=0
s031=0
s032=0
octree__alive=True err=0
s033=0
s034=0
s035=0
s036=0
octree__alive=True err=0
s037=0
s038=0
s039=0
s040=0
octree__alive=True err=0
s041=0
s042=13
s043=0
s044=13
