open_err=0
cond_alive=True err=0
mk001_Acceleration=True err=0
mk002_AccelerationDEM=True err=0
mk003_ActranBoundaryAbsorption=True err=0
mk004_ActranPointSource=True err=0
mk005_AreaSource=True err=0
mk006_AreaSourceMass=True err=0
mk007_BatteryARCDataPreprocessing=True err=0
mk008_BatteryEcmOptimization=True err=0
mk009_BladeShape=True err=0
mk010_BoundaryDiffusiveSpecies=True err=0
mk011_BoundaryFlowIOLiquidFilm=True err=0
mk012_BoundaryHumidity=True err=0
mk013_BoundaryPorousWallThermal=True err=0
mk014_CoSim_mode=noarg err=0
mk014_CoSim=False err=0
mk015_DTSI_mode=noarg err=0
mk015_DTSI=False err=0
mk016_DTSR_mode=noarg err=0
mk016_DTSR=False err=0
mk017_FWH=True err=0
mk018_FacePressureDrop=True err=0
mk019_Fan=True err=0
mk020_Fix=True err=0
mk021_FixDEM=True err=0
mk022_FrequencyAmplitudeTable=True err=0
mk023_InitialRandVel=True err=0
mk024_InitialShapeModify=True err=0
mk025_JOSBodyType=True err=0
mk026_JOSClothing=True err=0
mk027_JOSInitial=True err=0
mk028_JOSModel=True err=0
mk029_MaterialNamePair=True err=0
mk030_MultiphasePhaseChange=True err=0
mk031_OutputCSV=True err=0
mk032_OutputFlowNoise=True err=0
mk033_OutputLFileAngleMoment=True err=0
mk034_OutputLFileLoadDistribution=True err=0
mk035_OutputLFileRegionWithType_mode=noarg err=0
mk035_OutputLFileRegionWithType=False err=0
mk036_OutputLFileScalarFlux=True err=0
mk037_OutputLFileStatisticsDEM=True err=0
mk038_OutputLFileSurfMomentDEM=True err=0
mk039_OutputLFileVFHT=True err=0
mk040_OutputLFileWaterLevel=True err=0
mk041_POTData=True err=0
mk042_ParticleBoundary=True err=0
mk043_ParticleConcentrationFpDEM_mode=noarg err=0
mk043_ParticleConcentrationFpDEM=False err=0
mk044_ParticleForceConnection=True err=0
mk045_ParticleGeneration=True err=0
mk046_ParticlePassingBoundaryDEM=True err=0
mk047_RadiationLamp=True err=0
mk048_Repulsion_mode=noarg err=0
mk048_Repulsion=False err=0
mk049_SourceDEM=True err=0
mk050_SourceMass=True err=0
mk051_Spray=True err=0
mk052_SprayGeneration=True err=0
mk053_SprayParticle=True err=0
mk054_SurfaceReaction=True err=0
mk055_VolumePressureDrop=True err=0
mk056_WaveDamping=True err=0
mk057_WaveGeneration=True err=0
mk058_FMIVariable=True err=0
