start
s001=0
s002=0
s003=0
s004=0
app__alive=True err=0
s005=0
s006=0
s007=0
doc__alive=True err=0
s008=0
env__alive=True err=0
s009=0
conditions__alive=True err=0
s010=0
s011=0
s012=0
s013=0
s014=0
s015=0
s016=0
s017=0
s018=0
s019=0
s020=0
s021=0
s022=0
s023=0
s024=0
s025=0
s026=0
s027=0
s028=0
s029=0
s030=0
s031=0
s032=0
s033=0
s034=0
s035=0
s036=0
s037=0
s038=0
s039=0
s040=0
s041=0
s042=0
s043=0
s044=0
s045=0
s046=0
s047=0
s048=0
s049=0
s050=0
s051=0
s052=0
s053=0
s054=0
s055=0
s056=0
s057=0
s058=0
s059=0
s060=0
s061=0
s062=0
s063=0
s064=0
s065=0
s066=0
s067=0
s068=0
s069=0
s070=0
s071=0
s072=0
s073=0
meshinggroup__alive=True err=0
s074=0
meshinggroupsetting__alive=True err=0
s075=0
s076=0
s077=0
s078=0
meshinggroup__alive=True err=0
s079=0
meshinggroupsetting__alive=True err=0
s080=0
s081=0
s082=0
s083=0
meshinggroup__alive=True err=0
s084=0
meshinggroupsetting__alive=True err=0
s085=0
s086=0
s087=0
s088=0
meshinggroup__alive=True err=0
s089=0
meshinggroupsetting__alive=True err=0
s090=0
s091=0
s092=0
s093=0
meshinggroup__alive=True err=0
s094=0
meshinggroupsetting__alive=True err=0
s095=0
s096=0
s097=0
s098=0
meshinggroup__alive=True err=0
s099=0
meshinggroupsetting__alive=True err=0
s100=0
s101=0
s102=0
s103=0
meshinggroup__alive=True err=0
s104=0
meshinggroupsetting__alive=True err=0
s105=0
s106=0
s107=0
s108=0
meshinggroup__alive=True err=0
s109=0
meshinggroupsetting__alive=True err=0
s110=0
s111=0
s112=0
s113=0
meshinggroup__alive=True err=0
s114=0
meshinggroupsetting__alive=True err=0
s115=0
s116=0
s117=0
s118=0
meshinggroup__alive=True err=0
s119=0
meshinggroupsetting__alive=True err=0
s120=0
s121=0
s122=0
s123=0
meshinggroup__alive=True err=0
s124=0
meshinggroupsetting__alive=True err=0
s125=0
s126=0
s127=0
s128=0
meshinggroup__alive=True err=0
s129=0
meshinggroupsetting__alive=True err=0
s130=0
s131=0
s132=0
s133=0
meshinggroup__alive=True err=0
s134=0
meshinggroupsetting__alive=True err=0
s135=0
s136=0
s137=0
s138=0
meshinggroup__alive=True err=0
s139=0
meshinggroupsetting__alive=True err=0
s140=0
s141=0
s142=0
s143=0
meshinggroup__alive=True err=0
s144=0
meshinggroupsetting__alive=True err=0
s145=0
s146=0
s147=0
s148=0
meshinggroup__alive=True err=0
s149=0
meshinggroupsetting__alive=True err=0
s150=0
s151=0
s152=0
s153=0
meshinggroup__alive=True err=0
s154=0
meshinggroupsetting__alive=True err=0
s155=0
s156=0
s157=0
s158=0
meshinggroup__alive=True err=0
s159=0
meshinggroupsetting__alive=True err=0
s160=0
s161=0
s162=0
s163=0
meshinggroup__alive=True err=0
s164=0
meshinggroupsetting__alive=True err=0
s165=0
s166=0
s167=0
s168=0
meshinggroup__alive=True err=0
s169=0
meshinggroupsetting__alive=True err=0
s170=0
s171=0
s172=0
s173=0
meshinggroup__alive=True err=0
s174=0
meshinggroupsetting__alive=True err=0
s175=0
s176=0
s177=0
s178=0
meshinggroup__alive=True err=0
s179=0
meshinggroupsetting__alive=True err=0
s180=0
s181=0
s182=0
s183=0
meshinggroup__alive=True err=0
s184=0
meshinggroupsetting__alive=True err=0
s185=0
s186=0
s187=0
s188=0
meshinggroup__alive=True err=0
s189=0
meshinggroupsetting__alive=True err=0
s190=0
s191=0
s192=0
s193=0
meshinggroup__alive=True err=0
s194=0
meshinggroupsetting__alive=True err=0
s195=0
s196=0
s197=0
s198=0
meshinggroup__alive=True err=0
s199=0
meshinggroupsetting__alive=True err=0
s200=0
s201=0
s202=0
s203=0
meshinggroup__alive=True err=0
s204=0
meshinggroupsetting__alive=True err=0
s205=0
s206=0
s207=0
s208=0
meshinggroup__alive=True err=0
s209=0
meshinggroupsetting__alive=True err=0
s210=0
s211=0
s212=0
s213=0
meshinggroup__alive=True err=0
s214=0
meshinggroupsetting__alive=True err=0
s215=0
s216=0
s217=0
s218=0
meshinggroup__alive=True err=0
s219=0
meshinggroupsetting__alive=True err=0
s220=0
s221=0
s222=0
s223=0
meshinggroup__alive=True err=0
s224=0
meshinggroupsetting__alive=True err=0
s225=0
s226=0
s227=0
s228=0
meshinggroup__alive=True err=0
s229=0
meshinggroupsetting__alive=True err=0
s230=0
s231=0
s232=0
s233=0
meshinggroup__alive=True err=0
s234=0
meshinggroupsetting__alive=True err=0
s235=0
s236=0
s237=0
s238=0
meshinggroup__alive=True err=0
s239=0
meshinggroupsetting__alive=True err=0
s240=0
s241=0
s242=0
s243=0
meshinggroup__alive=True err=0
s244=0
meshinggroupsetting__alive=True err=0
s245=0
s246=0
s247=0
s248=0
meshinggroup__alive=True err=0
s249=0
meshinggroupsetting__alive=True err=0
s250=0
s251=0
s252=0
s253=0
meshinggroup__alive=True err=0
s254=0
meshinggroupsetting__alive=True err=0
s255=0
s256=0
s257=0
s258=0
meshinggroup__alive=True err=0
s259=0
meshinggroupsetting__alive=True err=0
s260=0
s261=0
s262=0
s263=0
s264=0
s265=0
s266=0
s267=0
s268=0
s269=0
s270=0
s271=0
s272=0
s273=0
s274=0
s275=0
snode__alive=True err=0
s276=0
s277=0
s278=0
s279=0
s280=0
s281=0
s282=0
s283=0
s284=0
s285=0
s286=0
s287=0
s288=0
s289=0
s290=0
s291=0
s292=0
s293=0
s294=0
s295=0
s296=0
snode__alive=True err=0
s297=0
s298=0
s299=0
s300=0
s301=0
s302=0
s303=0
fluidregion__alive=True err=0
s304=0
s305=0
s306=0
s307=0
s308=0
s309=0
s310=0
fluidregion__alive=True err=0
s311=0
s312=0
s313=0
s314=0
s315=0
fluidregion__alive=True err=0
s316=0
s317=0
s318=0
s319=0
s320=0
s321=0
s322=0
s323=0
s324=0
s325=0
s326=0
s327=0
snode__alive=True err=0
s328=0
s329=0
s330=0
s331=0
s332=0
s333=0
s334=0
s335=0
s336=0
s337=0
s338=0
s339=0
s340=0
s341=0
s342=0
s343=0
s344=0
s345=0
s346=0
s347=0
s348=0
s349=0
s350=0
meshinggroup__alive=True err=0
s351=0
s352=0
proj__alive=True err=0
s353=0
s354=0
s355=0
s356=0
meshinggroup__alive=True err=0
s357=0
mdlwizard__alive=True err=0
s358=0
s359=0
s360=0
s361=0
s362=0
s363=0
s364=0
s365=0
proj__alive=True err=0
s366=0
s367=0
s368=0
s369=0
proj__alive=True err=0
s370=0
s371=0
s372=0
s373=0
proj__alive=True err=0
s374=0
s375=0
s376=0
s377=0
proj__alive=True err=0
s378=0
s379=0
s380=0
s381=0
meshinggroup__alive=True err=0
s382=0
meshinggroupsetting__alive=True err=0
s383=0
s384=0
s385=0
s386=0
meshinggroup__alive=True err=0
s387=0
meshinggroupsetting__alive=True err=0
s388=0
s389=0
s390=0
s391=0
meshinggroup__alive=True err=0
s392=0
meshinggroupsetting__alive=True err=0
s393=0
s394=0
s395=0
meshinggroup__alive=True err=0
s396=0
mdlwizard__alive=True err=0
s397=0
s398=0
s399=0
s400=0
meshinggroup__alive=True err=0
s401=0
mdlwizard__alive=True err=0
s402=0
s403=0
s404=0
s405=0
meshinggroup__alive=True err=0
s406=0
mdlwizard__alive=True err=0
s407=0
s408=0
s409=0
s410=0
meshinggroup__alive=True err=0
s411=0
mdlwizard__alive=True err=0
s412=0
s413=0
s414=0
s415=0
meshinggroup__alive=True err=0
s416=0
mdlwizard__alive=True err=0
s417=0
s418=0
s419=0
s420=0
meshinggroup__alive=True err=0
s421=0
mdlwizard__alive=True err=0
s422=0
s423=0
s424=0
s425=0
meshinggroup__alive=True err=0
s426=0
mdlwizard__alive=True err=0
s427=0
s428=0
s429=0
meshinggroup__alive=True err=0
s430=0
mdlwizard__alive=True err=0
s431=0
s432=0
s433=0
s434=0
s435=0
s436=0
meshinggroup__alive=True err=0
s437=0
meshinggroupsetting__alive=True err=0
s438=0
s439=0
s440=0
s441=0
meshinggroup__alive=True err=0
s442=0
meshinggroupsetting__alive=True err=0
s443=0
s444=0
s445=0
s446=0
meshinggroup__alive=True err=0
s447=0
meshinggroupsetting__alive=True err=0
s448=0
s449=0
s450=0
s451=0
meshinggroup__alive=True err=0
s452=0
meshinggroupsetting__alive=True err=0
s453=0
s454=0
s455=0
meshinggroup__alive=True err=0
s456=0
mdlwizard__alive=True err=0
s457=0
s458=0
s459=0
meshinggroup__alive=True err=0
s460=0
mdlwizard__alive=True err=0
s461=0
s462=0
s463=0
meshinggroup__alive=True err=0
s464=0
mdlwizard__alive=True err=0
s465=0
s466=0
s467=0
meshinggroup__alive=True err=0
s468=0
mdlwizard__alive=True err=0
s469=0
s470=0
s471=0
meshinggroup__alive=True err=0
s472=0
mdlwizard__alive=True err=0
s473=0
s474=0
s475=0
meshinggroup__alive=True err=0
s476=0
mdlwizard__alive=True err=0
s477=0
s478=0
s479=0
s480=0
s481=0
s482=0
meshinggroup__alive=True err=0
s483=0
mdlwizard__alive=True err=0
s484=0
s485=0
s486=0
meshinggroup__alive=True err=0
s487=0
mdlwizard__alive=True err=0
s488=0
s489=0
s490=0
s491=0
meshinggroup__alive=True err=0
s492=0
mdlwizard__alive=True err=0
s493=0
s494=0
s495=0
s496=0
s497=0
s498=0
s499=0
s500=0
meshinggroup__alive=True err=0
s501=0
mdlwizard__alive=True err=0
s502=0
s503=0
s504=0
meshinggroup__alive=True err=0
s505=0
mdlwizard__alive=True err=0
s506=0
s507=0
s508=0
s509=0
s510=0
s511=0
meshinggroup__alive=True err=0
s512=0
mdlwizard__alive=True err=0
s513=0
s514=0
s515=0
meshinggroup__alive=True err=0
s516=0
mdlwizard__alive=True err=0
s517=0
s518=0
s519=0
s520=0
s521=0
s522=0
s523=0
meshinggroup__alive=True err=0
s524=0
mdlwizard__alive=True err=0
s525=0
s526=0
s527=0
s528=0
s529=0
s530=0
meshinggroup__alive=True err=0
