start
s001=0
s002=0
s003=0
s004=0
app__alive=True err=0
s005=0
s006=0
s007=0
doc__alive=True err=0
s008=0
env__alive=True err=0
s009=0
conditions__alive=True err=0
s010=0
s011=0
s012=0
s013=0
s014=0
s015=0
s016=0
s017=0
s018=0
s019=0
s020=0
s021=0
s022=0
s023=0
s024=0
s025=0
faceregion__alive=True err=0
s026=0
s027=0
s028=0
s029=0
wrappinggroup__alive=True err=0
s030=0
octparam__alive=True err=0
s031=0
s032=0
s033=0
s034=0
wrappinggroup__alive=True err=0
s035=0
octparam__alive=True err=0
s036=0
s037=0
s038=0
s039=0
s040=0
s041=0
wrappinggroup__alive=True err=0
s042=0
octparam__alive=True err=0
s043=0
s044=0
s045=0
s046=0
wrappinggroup__alive=True err=0
s047=0
octparam__alive=True err=0
s048=0
s049=0
s050=0
s051=0
wrappinggroup__alive=True err=0
s052=0
octparam__alive=True err=0
s053=0
s054=0
s055=0
s056=0
wrappinggroup__alive=True err=0
s057=0
octparam__alive=True err=0
s058=0
s059=0
s060=0
s061=0
s062=0
s063=0
s064=0
s065=0
s066=0
s067=0
s068=0
s069=0
s070=0
s071=0
s072=0
s073=0
s074=0
s075=0
s076=0
s077=0
s078=0
s079=0
s080=0
s081=0
s082=0
s083=0
s084=0
s085=0
s086=0
s087=0
s088=0
s089=0
s090=0
s091=0
s092=0
s093=0
s094=0
s095=0
s096=0
s097=0
s098=0
s099=0
s100=0
s101=0
s102=0
s103=0
s104=0
s105=0
s106=0
s107=0
s108=0
s109=0
s110=0
s111=0
s112=0
s113=0
s114=0
s115=0
s116=0
s117=0
s118=0
s119=0
s120=0
s121=0
s122=0
s123=0
s124=0
s125=0
s126=0
s127=0
s128=0
s129=0
s130=0
s131=0
s132=0
wrappinggroup__alive=True err=0
s133=0
octparam__alive=True err=0
s134=0
s135=0
s136=0
s137=0
wrappinggroup__alive=True err=0
s138=0
octparam__alive=True err=0
s139=0
s140=0
s141=0
s142=0
s143=0
s144=0
s145=0
s146=0
s147=0
s148=0
wrappinggroup__alive=True err=0
s149=0
octparam__alive=True err=0
s150=0
s151=0
s152=0
s153=0
meshinggroup__alive=True err=0
s154=0
s155=0
s156=0
s157=0
s158=0
s159=0
s160=0
wrappinggroup__alive=True err=0
s161=0
wrappingparam__alive=True err=0
s162=0
s163=0
s164=0
s165=0
wrappinggroup__alive=True err=0
s166=0
wrappingparam__alive=True err=0
s167=0
s168=0
s169=0
s170=0
wrappinggroup__alive=True err=0
s171=0
wrappingparam__alive=True err=0
s172=0
s173=0
s174=0
s175=0
wrappinggroup__alive=True err=0
s176=0
wrappingparam__alive=True err=0
s177=0
s178=0
s179=0
s180=0
s181=0
s182=0
s183=0
s184=0
s185=0
s186=0
s187=0
s188=0
s189=0
s190=0
s191=0
s192=0
s193=0
s194=0
s195=0
s196=0
s197=0
s198=0
s199=0
s200=0
s201=0
s202=0
s203=0
s204=0
s205=0
s206=0
s207=0
s208=0
s209=0
s210=0
s211=0
s212=0
s213=0
s214=0
s215=0
s216=0
s217=0
s218=0
s219=0
s220=0
s221=0
s222=0
s223=0
s224=0
s225=0
s226=0
s227=0
s228=0
s229=0
s230=0
s231=0
s232=0
s233=0
s234=0
s235=0
s236=0
s237=0
s238=0
s239=0
s240=0
s241=0
s242=0
s243=0
s244=0
s245=0
s246=0
s247=0
s248=0
s249=0
s250=0
s251=0
s252=0
s253=0
s254=0
s255=0
s256=0
s257=0
s258=0
s259=0
s260=0
s261=0
s262=0
s263=0
s264=0
s265=0
s266=0
wrappinggroup__alive=True err=0
s267=0
wrappingparam__alive=True err=0
s268=0
s269=0
s270=0
s271=0
s272=0
s273=0
snode__alive=True err=0
s274=0
s275=0
s276=0
s277=0
wrappinggroup__alive=True err=0
s278=0
wrappingparam__alive=True err=0
s279=0
s280=0
s281=0
s282=0
wrappinggroup__alive=True err=0
s283=0
wrappingparam__alive=True err=0
s284=0
s285=0
s286=0
s287=0
wrappinggroup__alive=True err=0
s288=0
wrappingparam__alive=True err=0
s289=0
s290=0
s291=0
s292=0
wrappinggroup__alive=True err=0
s293=0
wrappingparam__alive=True err=0
s294=0
s295=0
s296=0
s297=0
s298=0
s299=0
s300=0
s301=0
s302=0
s303=0
s304=0
s305=0
s306=0
s307=0
s308=0
s309=0
s310=0
s311=0
s312=0
s313=0
s314=0
s315=0
s316=0
s317=0
s318=0
s319=0
s320=0
s321=0
s322=0
s323=0
s324=0
s325=0
s326=0
s327=0
s328=0
s329=0
s330=0
s331=0
s332=0
s333=0
s334=0
s335=0
s336=0
s337=0
s338=0
s339=0
s340=0
s341=0
s342=0
s343=0
s344=0
s345=0
s346=0
s347=0
s348=0
s349=0
s350=0
s351=0
s352=0
s353=0
s354=0
s355=0
s356=0
s357=0
s358=0
s359=0
s360=0
s361=0
s362=0
s363=0
s364=0
s365=0
s366=0
s367=0
s368=0
s369=0
s370=0
s371=0
s372=0
s373=0
s374=0
s375=0
s376=0
s377=0
s378=0
s379=0
s380=0
s381=0
s382=0
s383=0
wrappinggroup__alive=True err=0
s384=0
wrappingparam__alive=True err=0
s385=0
s386=0
s387=0
s388=0
s389=0
s390=0
snode__alive=True err=0
s391=0
s392=0
s393=0
s394=0
s395=0
s396=0
snode__alive=True err=0
s397=0
s398=0
s399=0
s400=0
wrappinggroup__alive=True err=0
s401=0
wrappingparam__alive=True err=0
s402=0
s403=0
s404=0
s405=0
wrappinggroup__alive=True err=0
s406=0
wrappingparam__alive=True err=0
s407=0
s408=0
s409=0
s410=0
wrappinggroup__alive=True err=0
s411=0
wrappingparam__alive=True err=0
s412=0
s413=0
s414=0
s415=0
wrappinggroup__alive=True err=0
s416=0
wrappingparam__alive=True err=0
s417=0
s418=0
s419=0
s420=0
s421=0
s422=0
s423=0
s424=0
s425=0
s426=0
s427=0
s428=0
s429=0
s430=0
s431=0
s432=0
s433=0
s434=0
s435=0
s436=0
s437=0
s438=0
s439=0
s440=0
s441=0
s442=0
s443=0
s444=0
s445=0
s446=0
s447=0
s448=0
s449=0
s450=0
s451=0
s452=0
s453=0
s454=0
s455=0
s456=0
s457=0
s458=0
s459=0
s460=0
s461=0
s462=0
s463=0
s464=0
s465=0
s466=0
s467=0
s468=0
s469=0
s470=0
s471=0
s472=0
s473=0
s474=0
s475=0
s476=0
s477=0
s478=0
s479=0
s480=0
s481=0
s482=0
s483=0
s484=0
s485=0
s486=0
s487=0
s488=0
s489=0
s490=0
s491=0
s492=0
s493=0
s494=0
s495=0
s496=0
s497=0
s498=0
s499=0
s500=0
s501=0
s502=0
s503=0
s504=0
s505=0
s506=0
wrappinggroup__alive=True err=0
s507=0
wrappingparam__alive=True err=0
s508=0
s509=0
s510=0
s511=0
s512=0
s513=0
s514=0
s515=0
s516=0
s517=0
s518=0
s519=0
s520=0
s521=0
s522=0
s523=0
s524=0
s525=0
s526=0
s527=0
s528=0
s529=0
s530=0
s531=0
s532=0
s533=0
s534=0
s535=0
s536=0
s537=0
s538=0
s539=0
s540=0
s541=0
s542=0
s543=0
s544=0
snode__alive=True err=0
s545=0
s546=0
s547=0
s548=0
s549=0
s550=0
s551=0
s552=0
wrappinggroup__alive=True err=0
s553=0
snode__alive=True err=0
s554=0
s555=0
s556=0
s557=0
s558=0
wrappinggroup__alive=True err=0
s559=0
s560=0
s561=0
s562=0
s563=0
wrappinggroup__alive=True err=0
s564=0
s565=0
s566=0
wrappinggroup__alive=True err=0
s567=0
s568=0
s569=0
wrappinggroup__alive=True err=0
s570=0
s571=0
s572=0
wrappinggroup__alive=True err=0
s573=0
s574=0
s575=0
wrappinggroup__alive=True err=0
s576=0
octree__alive=True err=0
s577=0
s578=0
s579=0
s580=0
wrappinggroup__alive=True err=0
s581=0
wrappingparam__alive=True err=0
s582=0
s583=0
s584=0
s585=0
wrappinggroup__alive=True err=0
s586=0
wrappingparam__alive=True err=0
s587=0
s588=0
s589=0
s590=0
wrappinggroup__alive=True err=0
s591=0
wrappingparam__alive=True err=0
s592=0
s593=0
s594=0
s595=0
wrappinggroup__alive=True err=0
s596=0
wrappingparam__alive=True err=0
s597=0
s598=0
s599=0
s600=0
s601=0
s602=0
s603=0
s604=0
s605=0
s606=0
s607=0
s608=0
s609=0
s610=0
s611=0
s612=0
s613=0
s614=0
s615=0
s616=0
s617=0
s618=0
s619=0
s620=0
s621=0
s622=0
s623=0
s624=0
s625=0
s626=0
s627=0
s628=0
s629=0
s630=0
s631=0
s632=0
s633=0
s634=0
s635=0
s636=0
s637=0
s638=0
s639=0
s640=0
s641=0
s642=0
s643=0
s644=0
s645=0
s646=0
s647=0
s648=0
s649=0
s650=0
s651=0
s652=0
s653=0
s654=0
s655=0
s656=0
s657=0
s658=0
s659=0
s660=0
s661=0
s662=0
s663=0
s664=0
s665=0
s666=0
s667=0
s668=0
s669=0
s670=0
s671=0
s672=0
s673=0
s674=0
s675=0
s676=0
s677=0
s678=0
s679=0
s680=0
s681=0
s682=0
s683=0
s684=0
s685=0
s686=0
wrappinggroup__alive=True err=0
s687=0
wrappingparam__alive=True err=0
s688=0
s689=0
s690=0
wrappinggroup__alive=True err=0
s691=0
octree__alive=True err=0
s692=0
s693=0
s694=0
s695=0
wrappinggroup__alive=True err=0
s696=0
wrappingparam__alive=True err=0
s697=0
s698=0
s699=0
s700=0
wrappinggroup__alive=True err=0
s701=0
wrappingparam__alive=True err=0
s702=0
s703=0
s704=0
s705=0
wrappinggroup__alive=True err=0
s706=0
wrappingparam__alive=True err=0
s707=0
s708=0
s709=0
s710=0
wrappinggroup__alive=True err=0
s711=0
wrappingparam__alive=True err=0
s712=0
s713=0
s714=0
s715=0
s716=0
s717=0
s718=0
s719=0
s720=0
s721=0
s722=0
s723=0
s724=0
s725=0
s726=0
s727=0
s728=0
s729=0
s730=0
s731=0
s732=0
s733=0
s734=0
s735=0
s736=0
s737=0
s738=0
s739=0
s740=0
s741=0
s742=0
s743=0
s744=0
s745=0
s746=0
s747=0
s748=0
s749=0
s750=0
s751=0
s752=0
s753=0
s754=0
s755=0
s756=0
s757=0
s758=0
s759=0
s760=0
s761=0
s762=0
s763=0
s764=0
s765=0
s766=0
s767=0
s768=0
s769=0
s770=0
s771=0
s772=0
s773=0
s774=0
s775=0
s776=0
s777=0
s778=0
s779=0
s780=0
s781=0
s782=0
s783=0
s784=0
s785=0
s786=0
s787=0
s788=0
s789=0
s790=0
s791=0
s792=0
s793=0
s794=0
s795=0
s796=0
s797=0
s798=0
s799=0
s800=0
s801=0
wrappinggroup__alive=True err=0
s802=0
wrappingparam__alive=True err=0
s803=0
s804=0
s805=0
wrappinggroup__alive=True err=0
s806=0
s807=0
s808=0
wrappinggroup__alive=True err=0
s809=0
s810=0
s811=0
s812=0
s813=0
s814=0
s815=0
s816=0
s817=0
s818=0
s819=0
s820=0
s821=0
s822=0
s823=0
s824=0
s825=0
s826=0
s827=0
s828=0
s829=0
s830=0
meshinggroup__alive=True err=0
s831=0
mdl__alive=True err=0
s832=0
s833=0
s834=0
s835=0
s836=0
s837=0
s838=0
s839=0
s840=0
s841=0
s842=0
s843=0
s844=0
s845=0
s846=0
s847=0
s848=0
s849=0
s850=0
s851=0
meshinggroup__alive=True err=0
s852=0
mdl__alive=True err=0
s853=0
s854=0
s855=0
s856=0
s857=0
s858=0
s859=0
s860=0
s861=0
s862=0
s863=0
s864=0
s865=0
s866=0
s867=0
s868=0
s869=0
s870=0
s871=0
s872=0
meshinggroup__alive=True err=0
s873=0
mdl__alive=True err=0
s874=0
s875=0
s876=0
s877=0
closedvolume__alive=True err=0
s878=0
s879=0
s880=0
s881=0
s882=0
s883=0
s884=0
s885=0
s886=0
s887=0
s888=0
s889=0
s890=0
s891=0
s892=0
s893=0
s894=0
s895=0
s896=0
s897=0
closedvolume__alive=True err=0
s898=0
s899=0
s900=0
s901=0
s902=0
s903=0
s904=0
fluidregion__alive=True err=0
s905=0
s906=0
s907=0
s908=0
s909=0
s910=0
fluidregion__alive=True err=0
s911=0
s912=0
s913=0
s914=0
closedvolume__alive=True err=0
s915=0
s916=0
s917=0
s918=0
s919=0
s920=0
s921=0
s922=0
s923=0
s924=0
s925=0
s926=0
s927=0
s928=0
s929=0
s930=0
s931=0
s932=0
s933=0
s934=0
meshinggroup__alive=True err=0
s935=0
mdl__alive=True err=0
s936=0
s937=0
s938=0
s939=0
s940=0
s941=0
s942=0
s943=0
s944=0
s945=0
s946=0
s947=0
s948=0
s949=0
s950=0
s951=0
s952=0
s953=0
s954=0
s955=0
meshinggroup__alive=True err=0
s956=0
mdl__alive=True err=0
s957=0
s958=0
s959=0
s960=0
closedvolume__alive=True err=0
s961=0
s962=0
s963=0
s964=0
s965=0
s966=0
s967=0
s968=0
s969=0
s970=0
s971=0
s972=0
s973=0
s974=0
s975=0
s976=0
s977=0
s978=0
s979=0
s980=0
closedvolume__alive=True err=0
s981=0
s982=0
s983=0
s984=0
s985=0
s986=0
s987=0
s988=0
s989=0
s990=0
s991=0
s992=0
s993=0
s994=0
s995=0
s996=0
s997=0
s998=0
s999=0
s1000=0
meshinggroup__alive=True err=0
s1001=0
mdl__alive=True err=0
s1002=0
s1003=0
s1004=0
s1005=0
meshinggroup__alive=True err=0
s1006=0
octparam__alive=True err=0
s1007=0
s1008=0
s1009=0
s1010=0
meshinggroup__alive=True err=0
s1011=0
octparam__alive=True err=0
s1012=0
s1013=0
s1014=0
s1015=0
s1016=0
s1017=0
meshinggroup__alive=True err=0
s1018=0
octparam__alive=True err=0
s1019=0
s1020=0
s1021=0
s1022=0
meshinggroup__alive=True err=0
s1023=0
octparam__alive=True err=0
s1024=0
s1025=0
s1026=0
s1027=0
meshinggroup__alive=True err=0
s1028=0
octparam__alive=True err=0
s1029=0
s1030=0
s1031=0
s1032=0
meshinggroup__alive=True err=0
s1033=0
octparam__alive=True err=0
s1034=0
s1035=0
s1036=0
s1037=0
s1038=0
s1039=0
s1040=0
s1041=0
s1042=0
s1043=0
s1044=0
s1045=0
s1046=0
s1047=0
s1048=0
s1049=0
s1050=0
s1051=0
s1052=0
s1053=0
s1054=0
s1055=0
s1056=0
s1057=0
s1058=0
s1059=0
s1060=0
s1061=0
s1062=0
s1063=0
s1064=0
s1065=0
s1066=0
s1067=0
s1068=0
s1069=0
s1070=0
s1071=0
s1072=0
s1073=0
s1074=0
s1075=0
s1076=0
s1077=0
s1078=0
s1079=0
s1080=0
s1081=0
s1082=0
s1083=0
s1084=0
s1085=0
s1086=0
s1087=0
s1088=0
s1089=0
s1090=0
s1091=0
s1092=0
s1093=0
s1094=0
s1095=0
s1096=0
s1097=0
s1098=0
s1099=0
s1100=0
s1101=0
s1102=0
s1103=0
s1104=0
s1105=0
s1106=0
s1107=0
meshinggroup__alive=True err=0
s1108=0
octparam__alive=True err=0
s1109=0
s1110=0
s1111=0
s1112=0
meshinggroup__alive=True err=0
s1113=0
octparam__alive=True err=0
s1114=0
s1115=0
s1116=0
s1117=0
s1118=0
s1119=0
s1120=0
meshinggroup__alive=True err=0
s1121=0
octparam__alive=True err=0
s1122=0
s1123=0
s1124=0
s1125=0
meshinggroup__alive=True err=0
s1126=0
s1127=0
s1128=0
s1129=0
s1130=0
s1131=0
s1132=0
s1133=0
adaptiveparam__alive=True err=0
s1134=0
s1135=0
s1136=0
s1137=0
s1138=0
adaptiveparam__alive=True err=0
s1139=0
s1140=0
s1141=0
s1142=0
s1143=0
adaptiveparam__alive=True err=0
s1144=0
s1145=0
s1146=0
meshinggroup__alive=True err=0
s1147=0
hybridparam__alive=True err=0
s1148=0
s1149=0
s1150=0
meshinggroup__alive=True err=0
s1151=0
hybridparam__alive=True err=0
s1152=0
s1153=0
s1154=0
s1155=0
s1156=0
s1157=0
s1158=0
s1159=0
s1160=0
s1161=0
s1162=0
s1163=0
s1164=0
s1165=0
s1166=0
s1167=0
s1168=0
s1169=0
s1170=0
s1171=0
s1172=0
s1173=0
s1174=0
s1175=0
s1176=0
s1177=0
s1178=0
s1179=0
s1180=0
s1181=0
s1182=0
s1183=0
s1184=0
s1185=0
s1186=0
s1187=0
s1188=0
s1189=0
s1190=0
s1191=0
s1192=0
s1193=0
s1194=0
s1195=0
s1196=0
s1197=0
s1198=0
s1199=0
s1200=0
s1201=0
s1202=0
s1203=0
s1204=0
s1205=0
s1206=0
s1207=0
s1208=0
s1209=0
s1210=0
s1211=0
s1212=0
s1213=0
s1214=0
s1215=0
s1216=0
s1217=0
s1218=0
s1219=0
s1220=0
s1221=0
s1222=0
s1223=0
s1224=0
s1225=0
s1226=0
s1227=0
s1228=0
s1229=0
s1230=0
s1231=0
s1232=0
s1233=0
s1234=0
s1235=0
s1236=0
s1237=0
s1238=0
s1239=0
s1240=0
s1241=0
s1242=0
s1243=0
s1244=0
s1245=0
s1246=0
s1247=0
s1248=0
s1249=0
s1250=0
s1251=0
s1252=0
s1253=0
s1254=0
s1255=0
s1256=0
s1257=0
s1258=0
s1259=0
s1260=0
s1261=0
s1262=0
s1263=0
s1264=0
s1265=0
s1266=0
s1267=0
s1268=0
s1269=0
s1270=0
s1271=0
s1272=0
s1273=0
s1274=0
s1275=0
s1276=0
s1277=0
s1278=0
s1279=0
s1280=0
s1281=0
s1282=0
s1283=0
s1284=0
s1285=0
s1286=0
s1287=0
s1288=0
s1289=0
s1290=0
s1291=0
s1292=0
s1293=0
s1294=0
s1295=0
s1296=0
s1297=0
s1298=0
s1299=0
s1300=0
s1301=0
s1302=0
s1303=0
s1304=0
s1305=0
s1306=0
s1307=0
s1308=0
s1309=0
s1310=0
s1311=0
s1312=0
s1313=0
s1314=0
s1315=0
s1316=0
s1317=0
s1318=0
s1319=0
s1320=0
s1321=0
s1322=0
s1323=0
s1324=0
s1325=0
s1326=0
s1327=0
s1328=0
s1329=0
s1330=0
s1331=0
s1332=0
s1333=0
s1334=0
s1335=0
s1336=0
s1337=0
s1338=0
s1339=0
s1340=0
s1341=0
s1342=0
s1343=0
s1344=0
s1345=0
s1346=0
s1347=0
meshinggroup__alive=True err=0
s1348=0
hybridparam__alive=True err=0
s1349=0
s1350=0
s1351=0
s1352=0
meshinggroup__alive=True err=0
s1353=0
s1354=0
s1355=0
s1356=0
meshinggroup__alive=True err=0
s1357=0
s1358=0
s1359=0
s1360=0
s1361=0
s1362=0
s1363=0
s1364=0
s1365=0
s1366=0
s1367=0
s1368=0
s1369=0
s1370=0
s1371=0
s1372=0
s1373=0
s1374=0
s1375=0
s1376=0
s1377=0
s1378=0
s1379=0
s1380=0
s1381=0
s1382=0
s1383=0
s1384=0
s1385=0
s1386=0
s1387=0
s1388=0
s1389=0
s1390=0
s1391=0
s1392=0
s1393=0
s1394=0
s1395=0
s1396=0
s1397=0
s1398=0
s1399=0
s1400=0
s1401=0
s1402=0
s1403=0
s1404=0
s1405=0
s1406=0
s1407=0
s1408=0
s1409=0
s1410=0
s1411=0
s1412=0
s1413=0
s1414=0
s1415=0
s1416=0
s1417=0
s1418=0
s1419=0
s1420=0
s1421=0
s1422=0
s1423=0
s1424=0
s1425=0
s1426=0
s1427=0
s1428=0
s1429=0
s1430=0
s1431=0
s1432=0
s1433=0
s1434=0
s1435=0
s1436=0
meshinggroup__alive=True err=0
s1437=0
surfparam__alive=True err=0
s1438=0
s1439=0
s1440=0
s1441=0
s1442=0
s1443=0
s1444=0
s1445=0
s1446=0
s1447=0
s1448=0
s1449=0
s1450=0
s1451=0
s1452=0
s1453=0
s1454=0
s1455=0
s1456=0
s1457=0
s1458=0
s1459=0
s1460=0
s1461=0
s1462=0
s1463=0
s1464=0
s1465=0
s1466=0
s1467=0
s1468=0
s1469=0
s1470=0
s1471=0
s1472=0
s1473=0
s1474=0
s1475=0
s1476=0
s1477=0
s1478=0
s1479=0
s1480=0
s1481=0
s1482=0
s1483=0
s1484=0
s1485=0
s1486=0
s1487=0
s1488=0
s1489=0
s1490=0
s1491=0
s1492=0
s1493=0
s1494=0
s1495=0
s1496=0
s1497=0
s1498=0
s1499=0
s1500=0
s1501=0
s1502=0
s1503=0
s1504=0
s1505=0
s1506=0
s1507=0
s1508=0
s1509=0
s1510=0
s1511=0
s1512=0
s1513=0
s1514=0
s1515=0
s1516=0
s1517=0
s1518=0
s1519=0
s1520=0
s1521=0
s1522=0
s1523=0
s1524=0
s1525=0
s1526=0
s1527=0
s1528=0
s1529=0
s1530=0
s1531=0
s1532=0
s1533=0
s1534=0
s1535=0
s1536=0
s1537=0
s1538=0
s1539=0
s1540=0
s1541=0
s1542=0
s1543=0
s1544=0
s1545=0
s1546=0
s1547=0
s1548=0
s1549=0
s1550=0
s1551=0
s1552=0
s1553=0
s1554=0
s1555=0
s1556=0
s1557=0
s1558=0
s1559=0
s1560=0
s1561=0
s1562=0
s1563=0
s1564=0
s1565=0
s1566=0
s1567=0
s1568=0
s1569=0
s1570=0
s1571=0
s1572=0
s1573=0
s1574=0
s1575=0
s1576=0
s1577=0
s1578=0
s1579=0
s1580=0
s1581=0
s1582=0
s1583=0
s1584=0
s1585=0
s1586=0
s1587=0
s1588=0
s1589=0
s1590=0
s1591=0
s1592=0
s1593=0
s1594=0
s1595=0
s1596=0
s1597=0
s1598=0
s1599=0
s1600=0
s1601=0
s1602=0
s1603=0
s1604=0
s1605=0
s1606=0
s1607=0
s1608=0
s1609=0
s1610=0
s1611=0
s1612=0
s1613=0
s1614=0
s1615=0
s1616=0
s1617=0
s1618=0
s1619=0
s1620=0
s1621=0
s1622=0
s1623=0
s1624=0
s1625=0
s1626=0
s1627=0
s1628=0
s1629=0
s1630=0
s1631=0
meshinggroup__alive=True err=0
s1632=0
tetraparam__alive=True err=0
s1633=0
s1634=0
s1635=0
s1636=0
s1637=0
s1638=0
s1639=0
s1640=0
s1641=0
s1642=0
s1643=0
s1644=0
s1645=0
s1646=0
s1647=0
s1648=0
s1649=0
s1650=0
s1651=0
s1652=0
s1653=0
s1654=0
s1655=0
s1656=0
s1657=0
s1658=0
s1659=0
s1660=0
s1661=0
s1662=0
s1663=0
s1664=0
s1665=0
s1666=0
s1667=0
s1668=0
s1669=0
s1670=0
s1671=0
s1672=0
s1673=0
s1674=0
s1675=0
s1676=0
s1677=0
s1678=0
s1679=0
s1680=0
s1681=0
s1682=0
s1683=0
s1684=0
meshinggroup__alive=True err=0
s1685=0
polyconvparam__alive=True err=0
s1686=0
s1687=0
s1688=0
s1689=0
meshinggroup__alive=True err=0
s1690=0
polyprismparam__alive=True err=0
s1691=0
s1692=0
s1693=0
s1694=0
s1695=0
s1696=0
s1697=0
s1698=0
s1699=0
s1700=0
s1701=0
s1702=0
s1703=0
s1704=0
s1705=0
s1706=0
s1707=0
s1708=0
s1709=0
s1710=0
s1711=0
s1712=0
s1713=0
s1714=0
s1715=0
s1716=0
s1717=0
s1718=0
s1719=0
s1720=0
s1721=0
s1722=0
s1723=0
s1724=0
s1725=0
s1726=0
s1727=0
s1728=0
s1729=0
s1730=0
s1731=0
s1732=0
s1733=0
s1734=0
s1735=0
s1736=0
s1737=0
s1738=0
s1739=0
s1740=0
s1741=0
s1742=0
s1743=0
s1744=0
s1745=0
s1746=0
s1747=0
s1748=0
s1749=0
s1750=0
s1751=0
s1752=0
s1753=0
s1754=0
s1755=0
s1756=0
s1757=0
s1758=0
s1759=0
s1760=0
s1761=0
s1762=0
s1763=0
s1764=0
s1765=0
s1766=0
s1767=0
s1768=0
s1769=0
s1770=0
s1771=0
s1772=0
s1773=0
s1774=0
s1775=0
s1776=0
s1777=0
s1778=0
s1779=0
s1780=0
s1781=0
s1782=0
s1783=0
s1784=0
s1785=0
s1786=0
s1787=0
s1788=0
s1789=0
s1790=0
s1791=0
s1792=0
s1793=0
s1794=0
s1795=0
s1796=0
s1797=0
s1798=0
s1799=0
s1800=0
s1801=0
s1802=0
s1803=0
s1804=0
meshinggroup__alive=True err=0
s1805=0
polyprismparam__alive=True err=0
s1806=0
s1807=0
s1808=0
s1809=0
meshinggroup__alive=True err=0
s1810=0
owner__alive=True err=0
s1811=0
s1812=0
s1813=0
s1814=0
s1815=0
s1816=0
value__alive=True err=0
s1817=0
s1818=0
s1819=0
s1820=0
meshinggroup__alive=True err=0
s1821=0
owner__alive=True err=0
s1822=0
s1823=0
s1824=0
s1825=0
s1826=0
s1827=0
value__alive=True err=0
s1828=0
s1829=0
s1830=0
s1831=0
meshinggroup__alive=True err=0
s1832=0
owner__alive=True err=0
s1833=0
s1834=0
s1835=0
s1836=0
s1837=0
s1838=0
value__alive=True err=0
s1839=0
s1840=0
s1841=0
s1842=0
meshinggroup__alive=True err=0
s1843=0
owner__alive=True err=0
s1844=0
s1845=0
s1846=0
s1847=0
s1848=0
s1849=0
value__alive=True err=0
s1850=0
s1851=0
s1852=0
s1853=0
meshinggroup__alive=True err=0
s1854=0
owner__alive=True err=0
s1855=0
s1856=0
s1857=0
s1858=0
s1859=0
s1860=0
value__alive=True err=0
s1861=0
s1862=0
s1863=0
s1864=0
meshinggroup__alive=True err=0
s1865=0
owner__alive=True err=0
s1866=0
s1867=0
s1868=0
s1869=0
s1870=0
s1871=0
value__alive=True err=0
s1872=0
s1873=0
s1874=0
s1875=0
meshinggroup__alive=True err=0
s1876=0
owner__alive=True err=0
s1877=0
s1878=0
s1879=0
s1880=0
s1881=0
s1882=0
value__alive=True err=0
s1883=0
s1884=0
s1885=0
s1886=0
meshinggroup__alive=True err=0
s1887=0
owner__alive=True err=0
s1888=0
s1889=0
s1890=0
s1891=0
s1892=0
s1893=0
value__alive=True err=0
s1894=0
s1895=0
s1896=0
s1897=0
meshinggroup__alive=True err=0
s1898=0
owner__alive=True err=0
s1899=0
s1900=0
s1901=0
s1902=0
s1903=0
s1904=0
value__alive=True err=0
s1905=0
s1906=0
s1907=0
s1908=0
meshinggroup__alive=True err=0
s1909=0
owner__alive=True err=0
s1910=0
s1911=0
s1912=0
s1913=0
s1914=0
s1915=0
value__alive=True err=0
s1916=0
s1917=0
s1918=0
s1919=0
meshinggroup__alive=True err=0
s1920=0
owner__alive=True err=0
s1921=0
s1922=0
s1923=0
s1924=0
s1925=0
s1926=0
value__alive=True err=0
s1927=0
s1928=0
s1929=0
s1930=0
meshinggroup__alive=True err=0
s1931=0
owner__alive=True err=0
s1932=0
s1933=0
s1934=0
s1935=0
s1936=0
s1937=0
value__alive=True err=0
s1938=0
s1939=0
s1940=0
s1941=0
meshinggroup__alive=True err=0
s1942=0
owner__alive=True err=0
s1943=0
s1944=0
s1945=0
s1946=0
s1947=0
s1948=0
value__alive=True err=0
s1949=0
s1950=0
s1951=0
s1952=0
meshinggroup__alive=True err=0
s1953=0
owner__alive=True err=0
s1954=0
s1955=0
s1956=0
s1957=0
s1958=0
s1959=0
value__alive=True err=0
s1960=0
s1961=0
s1962=0
s1963=0
meshinggroup__alive=True err=0
s1964=0
owner__alive=True err=0
s1965=0
s1966=0
s1967=0
s1968=0
s1969=0
s1970=0
value__alive=True err=0
s1971=0
s1972=0
s1973=0
s1974=0
meshinggroup__alive=True err=0
s1975=0
owner__alive=True err=0
s1976=0
s1977=0
s1978=0
s1979=0
s1980=0
s1981=0
value__alive=True err=0
s1982=0
s1983=0
s1984=0
s1985=0
meshinggroup__alive=True err=0
s1986=0
owner__alive=True err=0
s1987=0
s1988=0
s1989=0
s1990=0
s1991=0
s1992=0
value__alive=True err=0
s1993=0
s1994=0
s1995=0
s1996=0
meshinggroup__alive=True err=0
s1997=0
owner__alive=True err=0
s1998=0
s1999=0
s2000=0
s2001=0
s2002=0
s2003=0
value__alive=True err=0
s2004=0
s2005=0
s2006=0
s2007=0
meshinggroup__alive=True err=0
s2008=0
owner__alive=True err=0
s2009=0
s2010=0
s2011=0
s2012=0
s2013=0
s2014=0
value__alive=True err=0
s2015=0
s2016=0
s2017=0
s2018=0
meshinggroup__alive=True err=0
s2019=0
owner__alive=True err=0
s2020=0
s2021=0
s2022=0
s2023=0
s2024=0
s2025=0
value__alive=True err=0
s2026=0
s2027=0
s2028=0
s2029=0
meshinggroup__alive=True err=0
s2030=0
owner__alive=True err=0
s2031=0
s2032=0
s2033=0
s2034=0
s2035=0
s2036=0
value__alive=True err=0
s2037=0
s2038=0
s2039=0
s2040=0
meshinggroup__alive=True err=0
s2041=0
owner__alive=True err=0
s2042=0
s2043=0
s2044=0
s2045=0
s2046=0
s2047=0
value__alive=True err=0
s2048=0
s2049=0
s2050=0
s2051=0
meshinggroup__alive=True err=0
s2052=0
owner__alive=True err=0
s2053=0
s2054=0
s2055=0
s2056=0
s2057=0
s2058=0
value__alive=True err=0
s2059=0
s2060=0
s2061=0
s2062=0
meshinggroup__alive=True err=0
s2063=0
owner__alive=True err=0
s2064=0
s2065=0
s2066=0
s2067=0
s2068=0
s2069=0
value__alive=True err=0
s2070=0
s2071=0
s2072=0
s2073=0
meshinggroup__alive=True err=0
s2074=0
owner__alive=True err=0
s2075=0
s2076=0
s2077=0
s2078=0
s2079=0
s2080=0
value__alive=True err=0
s2081=0
s2082=0
s2083=0
s2084=0
meshinggroup__alive=True err=0
s2085=0
owner__alive=True err=0
s2086=0
s2087=0
s2088=0
s2089=0
s2090=0
s2091=0
value__alive=True err=0
s2092=0
s2093=0
s2094=0
s2095=0
meshinggroup__alive=True err=0
s2096=0
owner__alive=True err=0
s2097=0
s2098=0
s2099=0
s2100=0
s2101=0
s2102=0
value__alive=True err=0
s2103=0
s2104=0
s2105=0
s2106=0
meshinggroup__alive=True err=0
s2107=0
owner__alive=True err=0
s2108=0
s2109=0
s2110=0
s2111=0
s2112=0
s2113=0
value__alive=True err=0
s2114=0
s2115=0
s2116=0
s2117=0
meshinggroup__alive=True err=0
s2118=0
owner__alive=True err=0
s2119=0
s2120=0
s2121=0
s2122=0
s2123=0
s2124=0
value__alive=True err=0
s2125=0
s2126=0
s2127=0
s2128=0
meshinggroup__alive=True err=0
s2129=0
owner__alive=True err=0
s2130=0
s2131=0
s2132=0
s2133=0
s2134=0
s2135=0
value__alive=True err=0
s2136=0
s2137=0
s2138=0
s2139=0
meshinggroup__alive=True err=0
s2140=0
owner__alive=True err=0
s2141=0
s2142=0
s2143=0
s2144=0
s2145=0
s2146=0
value__alive=True err=0
s2147=0
s2148=0
s2149=0
s2150=0
meshinggroup__alive=True err=0
s2151=0
owner__alive=True err=0
s2152=0
s2153=0
s2154=0
s2155=0
s2156=0
s2157=0
value__alive=True err=0
s2158=0
s2159=0
s2160=0
s2161=0
s2162=0
meshinggroup__alive=True err=0
s2163=0
sweepparam__alive=True err=0
s2164=0
s2165=0
s2166=0
s2167=0
s2168=0
meshinggroup__alive=True err=0
s2169=0
sweepparam__alive=True err=0
s2170=0
s2171=0
s2172=0
s2173=0
s2174=0
meshinggroup__alive=True err=0
s2175=0
sweepparam__alive=True err=0
s2176=0
s2177=0
s2178=0
s2179=0
s2180=0
meshinggroup__alive=True err=0
s2181=0
sweepparam__alive=True err=0
s2182=0
s2183=0
s2184=0
s2185=0
s2186=0
meshinggroup__alive=True err=0
s2187=0
sweepparam__alive=True err=0
s2188=0
s2189=0
s2190=0
s2191=0
s2192=0
meshinggroup__alive=True err=0
s2193=0
sweepparam__alive=True err=0
s2194=0
s2195=0
s2196=0
s2197=0
s2198=0
s2199=0
meshinggroup__alive=True err=0
s2200=0
sweepparam__alive=True err=0
s2201=0
s2202=0
s2203=0
s2204=0
s2205=0
s2206=0
s2207=0
s2208=0
meshinggroup__alive=True err=0
s2209=0
sweepparam__alive=True err=0
s2210=0
s2211=0
s2212=0
s2213=0
s2214=0
s2215=0
s2216=0
s2217=0
meshinggroup__alive=True err=0
s2218=0
sweepparam__alive=True err=0
s2219=0
s2220=0
s2221=0
s2222=0
s2223=0
meshinggroup__alive=True err=0
s2224=0
sweepparam__alive=True err=0
s2225=0
s2226=0
s2227=0
s2228=0
owner__alive=True err=0
s2229=0
s2230=0
s2231=0
s2232=0
s2233=0
s2234=0
value__alive=True err=0
s2235=0
s2236=0
s2237=0
s2238=0
owner__alive=True err=0
s2239=0
s2240=0
s2241=0
s2242=0
s2243=0
s2244=0
value__alive=True err=0
s2245=0
s2246=0
s2247=0
s2248=0
owner__alive=True err=0
s2249=0
s2250=0
s2251=0
s2252=0
s2253=0
s2254=0
value__alive=True err=0
s2255=0
s2256=0
s2257=0
s2258=0
owner__alive=True err=0
s2259=0
s2260=0
s2261=0
s2262=0
s2263=0
s2264=0
value__alive=True err=0
s2265=0
s2266=0
s2267=0
s2268=0
owner__alive=True err=0
s2269=0
s2270=0
s2271=0
s2272=0
s2273=0
s2274=0
value__alive=True err=0
s2275=0
s2276=0
s2277=0
s2278=0
owner__alive=True err=0
s2279=0
s2280=0
s2281=0
s2282=0
s2283=0
s2284=0
value__alive=True err=0
s2285=0
s2286=0
s2287=0
s2288=0
owner__alive=True err=0
s2289=0
s2290=0
s2291=0
s2292=0
s2293=0
s2294=0
value__alive=True err=0
s2295=0
s2296=0
s2297=0
s2298=0
owner__alive=True err=0
s2299=0
s2300=0
s2301=0
s2302=0
s2303=0
s2304=0
value__alive=True err=0
s2305=0
s2306=0
s2307=0
s2308=0
s2309=0
adaptiveparam__alive=True err=0
s2310=0
s2311=0
s2312=0
s2313=0
s2314=0
adaptiveparam__alive=True err=0
s2315=0
s2316=0
s2317=0
s2318=0
s2319=0
adaptiveparam__alive=True err=0
s2320=0
s2321=0
s2322=0
s2323=0
s2324=0
s2325=0
adaptiveparam__alive=True err=0
s2326=0
s2327=0
s2328=0
s2329=0
s2330=0
adaptiveparam__alive=True err=0
s2331=0
s2332=0
s2333=0
s2334=0
s2335=0
adaptiveparam__alive=True err=0
s2336=0
s2337=0
s2338=0
s2339=0
s2340=0
adaptiveparam__alive=True err=0
s2341=0
s2342=0
s2343=0
s2344=0
s2345=0
adaptiveparam__alive=True err=0
s2346=0
s2347=0
s2348=0
s2349=0
s2350=0
adaptiveparam__alive=True err=0
s2351=0
s2352=0
s2353=0
s2354=0
s2355=0
adaptiveparam__alive=True err=0
s2356=0
s2357=0
s2358=0
s2359=0
s2360=0
adaptiveparam__alive=True err=0
s2361=0
s2362=0
s2363=0
s2364=0
s2365=0
adaptiveparam__alive=True err=0
s2366=0
s2367=0
s2368=0
s2369=0
s2370=0
adaptiveparam__alive=True err=0
s2371=0
s2372=0
s2373=0
s2374=0
s2375=0
s2376=0
adaptiveparam__alive=True err=0
s2377=0
s2378=0
s2379=0
s2380=0
s2381=0
adaptiveparam__alive=True err=0
s2382=0
s2383=0
s2384=0
s2385=0
s2386=0
s2387=0
adaptiveparam__alive=True err=0
s2388=0
s2389=0
s2390=0
s2391=0
s2392=0
adaptiveparam__alive=True err=0
s2393=0
s2394=0
s2395=0
s2396=0
s2397=0
s2398=0
adaptiveparam__alive=True err=0
s2399=0
s2400=0
s2401=0
s2402=0
owner__alive=True err=0
s2403=0
s2404=0
s2405=0
s2406=0
s2407=0
s2408=0
value__alive=True err=0
s2409=0
s2410=0
s2411=0
s2412=0
owner__alive=True err=0
s2413=0
s2414=0
s2415=0
s2416=0
s2417=0
s2418=0
value__alive=True err=0
s2419=0
s2420=0
s2421=0
s2422=0
owner__alive=True err=0
s2423=0
s2424=0
s2425=0
s2426=0
s2427=0
s2428=0
value__alive=True err=0
s2429=0
s2430=0
s2431=0
s2432=0
owner__alive=True err=0
s2433=0
s2434=0
s2435=0
s2436=0
s2437=0
s2438=0
value__alive=True err=0
s2439=0
s2440=0
s2441=0
s2442=0
owner__alive=True err=0
s2443=0
s2444=0
s2445=0
s2446=0
s2447=0
s2448=0
value__alive=True err=0
s2449=0
s2450=0
s2451=0
s2452=0
owner__alive=True err=0
s2453=0
s2454=0
s2455=0
s2456=0
s2457=0
s2458=0
value__alive=True err=0
s2459=0
s2460=0
s2461=0
s2462=0
owner__alive=True err=0
s2463=0
s2464=0
s2465=0
s2466=0
s2467=0
s2468=0
value__alive=True err=0
s2469=0
s2470=0
s2471=0
s2472=0
owner__alive=True err=0
s2473=0
s2474=0
s2475=0
s2476=0
s2477=0
s2478=0
value__alive=True err=0
s2479=0
s2480=0
s2481=0
s2482=0
owner__alive=True err=0
s2483=0
s2484=0
s2485=0
s2486=0
s2487=0
s2488=0
value__alive=True err=0
s2489=0
s2490=0
s2491=0
s2492=0
owner__alive=True err=0
s2493=0
s2494=0
s2495=0
s2496=0
s2497=0
s2498=0
value__alive=True err=0
s2499=0
s2500=0
s2501=0
s2502=0
owner__alive=True err=0
s2503=0
s2504=0
s2505=0
s2506=0
s2507=0
s2508=0
value__alive=True err=0
s2509=0
s2510=0
s2511=0
s2512=0
owner__alive=True err=0
s2513=0
s2514=0
s2515=0
s2516=0
s2517=0
s2518=0
value__alive=True err=0
s2519=0
s2520=0
s2521=0
s2522=0
owner__alive=True err=0
s2523=0
s2524=0
s2525=0
s2526=0
s2527=0
s2528=0
value__alive=True err=0
s2529=0
s2530=0
s2531=0
s2532=0
owner__alive=True err=0
s2533=0
s2534=0
s2535=0
s2536=0
s2537=0
s2538=0
value__alive=True err=0
s2539=0
s2540=0
s2541=0
s2542=0
owner__alive=True err=0
s2543=0
s2544=0
s2545=0
s2546=0
s2547=0
s2548=0
value__alive=True err=0
s2549=0
s2550=0
s2551=0
s2552=0
owner__alive=True err=0
s2553=0
s2554=0
s2555=0
s2556=0
s2557=0
s2558=0
value__alive=True err=0
s2559=0
s2560=0
s2561=0
s2562=0
owner__alive=True err=0
s2563=0
s2564=0
s2565=0
s2566=0
s2567=0
s2568=0
value__alive=True err=0
s2569=0
s2570=0
s2571=0
s2572=0
owner__alive=True err=0
s2573=0
s2574=0
s2575=0
s2576=0
s2577=0
s2578=0
value__alive=True err=0
s2579=0
s2580=0
s2581=0
s2582=0
owner__alive=True err=0
s2583=0
s2584=0
s2585=0
s2586=0
s2587=0
s2588=0
value__alive=True err=0
s2589=0
s2590=0
s2591=0
s2592=0
owner__alive=True err=0
s2593=0
s2594=0
s2595=0
s2596=0
s2597=0
s2598=0
value__alive=True err=0
s2599=0
s2600=0
s2601=0
s2602=0
owner__alive=True err=0
s2603=0
s2604=0
s2605=0
s2606=0
s2607=0
s2608=0
value__alive=True err=0
s2609=0
s2610=0
s2611=0
s2612=0
owner__alive=True err=0
s2613=0
s2614=0
s2615=0
s2616=0
s2617=0
s2618=0
value__alive=True err=0
s2619=0
s2620=0
s2621=0
s2622=0
owner__alive=True err=0
s2623=0
s2624=0
s2625=0
s2626=0
s2627=0
s2628=0
value__alive=True err=0
s2629=0
s2630=0
s2631=0
s2632=0
owner__alive=True err=0
s2633=0
s2634=0
s2635=0
s2636=0
s2637=0
s2638=0
value__alive=True err=0
s2639=0
s2640=0
s2641=0
s2642=0
owner__alive=True err=0
s2643=0
s2644=0
s2645=0
s2646=0
s2647=0
s2648=0
value__alive=True err=0
s2649=0
s2650=0
s2651=0
s2652=0
owner__alive=True err=0
s2653=0
s2654=0
s2655=0
s2656=0
s2657=0
s2658=0
value__alive=True err=0
s2659=0
s2660=0
s2661=0
s2662=0
owner__alive=True err=0
s2663=0
s2664=0
s2665=0
s2666=0
s2667=0
s2668=0
value__alive=True err=0
s2669=0
s2670=0
s2671=0
s2672=0
owner__alive=True err=0
s2673=0
s2674=0
s2675=0
s2676=0
s2677=0
s2678=0
value__alive=True err=0
s2679=0
s2680=0
s2681=0
s2682=0
owner__alive=True err=0
s2683=0
s2684=0
s2685=0
s2686=0
s2687=0
s2688=0
value__alive=True err=0
s2689=0
s2690=0
s2691=0
s2692=0
owner__alive=True err=0
s2693=0
s2694=0
s2695=0
s2696=0
s2697=0
s2698=0
value__alive=True err=0
s2699=0
s2700=0
s2701=0
s2702=0
s2703=0
adaptiveparam__alive=True err=0
s2704=0
s2705=0
s2706=0
s2707=0
s2708=0
s2709=0
adaptiveparam__alive=True err=0
s2710=0
s2711=0
s2712=0
s2713=0
s2714=0
s2715=0
adaptiveparam__alive=True err=0
s2716=0
s2717=0
s2718=0
s2719=0
s2720=0
s2721=0
adaptiveparam__alive=True err=0
s2722=0
s2723=0
s2724=0
s2725=0
s2726=0
s2727=0
adaptiveparam__alive=True err=0
s2728=0
s2729=0
s2730=0
s2731=0
s2732=0
s2733=0
adaptiveparam__alive=True err=0
s2734=0
s2735=0
s2736=0
s2737=0
s2738=0
s2739=0
adaptiveparam__alive=True err=0
s2740=0
s2741=0
s2742=0
s2743=0
s2744=0
adaptiveparam__alive=True err=0
s2745=0
s2746=0
s2747=0
s2748=0
s2749=0
adaptiveparam__alive=True err=0
s2750=0
s2751=0
s2752=0
s2753=0
s2754=0
adaptiveparam__alive=True err=0
s2755=0
s2756=0
s2757=0
s2758=0
s2759=0
adaptiveparam__alive=True err=0
s2760=0
s2761=0
s2762=0
s2763=0
s2764=0
adaptiveparam__alive=True err=0
s2765=0
s2766=0
s2767=0
s2768=0
s2769=0
adaptiveparam__alive=True err=0
s2770=0
s2771=0
s2772=0
s2773=0
s2774=0
adaptiveparam__alive=True err=0
s2775=0
s2776=0
s2777=0
s2778=0
s2779=0
adaptiveparam__alive=True err=0
s2780=0
s2781=0
s2782=0
s2783=0
s2784=0
adaptiveparam__alive=True err=0
s2785=0
s2786=0
s2787=0
s2788=0
s2789=0
s2790=0
adaptiveparam__alive=True err=0
s2791=0
s2792=0
s2793=0
s2794=0
s2795=0
s2796=0
adaptiveparam__alive=True err=0
s2797=0
s2798=0
s2799=0
s2800=0
owner__alive=True err=0
s2801=0
s2802=0
s2803=0
s2804=0
s2805=0
s2806=0
value__alive=True err=0
s2807=0
s2808=0
s2809=0
s2810=0
owner__alive=True err=0
s2811=0
s2812=0
s2813=0
s2814=0
s2815=0
s2816=0
value__alive=True err=0
s2817=0
s2818=0
s2819=0
s2820=0
owner__alive=True err=0
s2821=0
s2822=0
s2823=0
s2824=0
s2825=0
s2826=0
value__alive=True err=0
s2827=0
s2828=0
s2829=0
s2830=0
owner__alive=True err=0
s2831=0
s2832=0
s2833=0
s2834=0
s2835=0
s2836=0
value__alive=True err=0
s2837=0
s2838=0
s2839=0
s2840=0
s2841=0
conditionpartition__alive=True err=0
s2842=0
s2843=0
s2844=0
s2845=0
s2846=0
conditionpartition__alive=True err=0
s2847=0
s2848=0
s2849=0
s2850=0
s2851=0
adaptiveparam__alive=True err=0
s2852=0
s2853=0
s2854=0
s2855=0
s2856=0
adaptiveparam__alive=True err=0
s2857=0
s2858=0
s2859=0
s2860=0
s2861=0
adaptiveparam__alive=True err=0
s2862=0
s2863=0
s2864=0
s2865=0
s2866=0
adaptiveparam__alive=True err=0
s2867=0
s2868=0
s2869=0
s2870=0
s2871=0
s2872=0
adaptiveparam__alive=True err=0
s2873=0
s2874=0
s2875=0
s2876=0
s2877=0
s2878=0
adaptiveparam__alive=True err=0
s2879=0
s2880=0
s2881=0
s2882=0
s2883=0
s2884=0
s2885=0
s2886=0
s2887=0
s2888=0
s2889=0
s2890=0
s2891=0
s2892=0
s2893=0
s2894=0
s2895=0
s2896=0
s2897=0
s2898=0
s2899=0
s2900=0
s2901=0
s2902=0
s2903=0
s2904=0
s2905=0
s2906=0
s2907=0
s2908=0
s2909=0
s2910=0
s2911=0
s2912=0
s2913=0
s2914=0
s2915=0
s2916=0
s2917=0
s2918=0
s2919=0
s2920=0
s2921=0
s2922=0
s2923=0
s2924=0
s2925=0
s2926=0
s2927=0
s2928=0
s2929=0
s2930=0
s2931=0
s2932=0
s2933=0
s2934=0
s2935=0
s2936=0
s2937=0
s2938=0
s2939=0
s2940=0
s2941=0
s2942=0
s2943=0
s2944=0
s2945=0
s2946=0
s2947=0
s2948=0
s2949=0
s2950=0
s2951=0
s2952=0
s2953=0
s2954=0
s2955=0
s2956=0
s2957=0
s2958=0
s2959=0
s2960=0
s2961=0
s2962=0
s2963=0
s2964=0
s2965=0
s2966=0
s2967=0
s2968=0
s2969=0
s2970=0
s2971=0
s2972=0
s2973=0
s2974=0
s2975=0
s2976=0
s2977=0
s2978=0
s2979=0
s2980=0
s2981=0
s2982=0
s2983=0
s2984=0
s2985=0
s2986=0
s2987=0
s2988=0
s2989=0
s2990=0
s2991=0
s2992=0
s2993=0
s2994=0
s2995=0
s2996=0
s2997=0
s2998=0
s2999=0
s3000=0
s3001=0
s3002=0
s3003=0
s3004=0
s3005=0
s3006=0
s3007=0
s3008=0
s3009=0
s3010=0
s3011=0
s3012=0
s3013=0
s3014=0
s3015=0
s3016=0
s3017=0
s3018=0
s3019=0
s3020=0
s3021=0
s3022=0
s3023=0
s3024=0
s3025=0
s3026=0
s3027=0
s3028=0
s3029=0
s3030=0
s3031=0
s3032=0
meshinggroup__alive=True err=0
s3033=0
octbasepolyparam__alive=True err=0
s3034=0
s3035=0
s3036=0
s3037=0
meshinggroup__alive=True err=0
s3038=0
s3039=0
s3040=0
s3041=0
meshinggroup__alive=True err=0
s3042=0
s3043=0
s3044=0
s3045=0
meshinggroup__alive=True err=0
s3046=0
s3047=0
s3048=0
s3049=0
s3050=0
s3051=0
s3052=0
meshinggroup__alive=True err=0
s3053=0
s3054=0
s3055=0
s3056=0
s3057=0
meshinggroup__alive=True err=0
s3058=0
s3059=0
s3060=0
s3061=0
s3062=0
s3063=0
s3064=0
s3065=0
s3066=0
s3067=0
s3068=0
s3069=0
s3070=0
s3071=0
s3072=0
s3073=0
s3074=0
s3075=0
s3076=0
s3077=0
s3078=0
s3079=0
s3080=0
s3081=0
s3082=0
s3083=0
s3084=0
s3085=0
s3086=0
s3087=0
s3088=0
s3089=0
s3090=0
s3091=0
s3092=0
s3093=0
s3094=0
s3095=0
s3096=0
s3097=0
s3098=0
s3099=0
s3100=0
end
