start
s001=0
app__alive=True err=0
s002=0
s003=0
doc__alive=True err=0
s004=0
s005=0
sn6__alive=True err=0
s006=0
s007=0
mg1__alive=True err=0
s008=0
s009=0
md1__alive=False err=0
s010=424
cvs1_ub=NA err=0
s011=0
s012=0
s013=0
s014=0
s015=0
s016=0
s017=0
mg2__alive=True err=0
s018=0
s019=0
md2__alive=False err=0
s020=0
md2_alive=False err=0
s021=0
s022=0
s023=0
s024=0
s025=0
md2_alive=False err=0
s026=0
s027=0
s028=424
av1= err=0
s029=0
s030=0
s031=424
str2_ub=NA err=0
s032=0
s033=0
s034=0
s035=424
cur2_ub=NA err=0
s036=0
s037=0
s038=0
s039=424
s040=13
s041=13
s042=0
s043=424
s044=424
s045=424
restore_ret= err=0
s046=0
s047=0
s048=0
end
