start
s001=0
app__alive=True err=0
s002=0
s003=0
doc__alive=True err=0
s004=0
s005=0
sn6__alive=False err=0
s006=0
s007=0
s008=0
s009=0
s010=0
s011=0
mg2__alive=True err=0
s012=0
md2__alive=True err=0
s013=0
md2_alive=True err=0
s014=0
s015=0
s016=0
s017=0
s018=0
md2_alive=True err=0
s019=0
s020=0
s021=0
av1=False err=0
s022=0
s023=0
s024=0
str2_ub=0 err=0
s025=0
s026=0
s027=0
s028=0
cur2_ub=0 err=0
s029=0
s030=0
s031=0
s032=424
s033=0
dest__alive=True err=0
s034=0
src__alive=True err=0
s035=0
s036=0
s037=0
s038=0
restore_ret=False err=0
s039=0
s040=0
s041=0
end
