start
s001=0
app__alive=True err=0
s002=0
s003=0
doc__alive=True err=0
s004=0
s005=0
sn__alive=True err=0
s006=0
s007=0
s008=0
s009=0
mg__alive=True err=0
s010=0
mgs__alive=True err=0
s011=0
s012=0
s013=0
s014=0
s015=0
s016=0
s017=0
s018=0
s019=0
s020=0
s021=0
s022=0
s023=0
proj__alive=True err=0
s024=0
s025=0
s026=0
snode__alive=True err=0
s027=0
s028=0
s029=0
s030=0
s031=0
fluidregion__alive=True err=0
s032=0
s033=0
s034=0
s035=0
s036=0
s037=0
fluidregion__alive=True err=0
s038=0
s039=0
s040=0
s041=0
fluidregion__alive=True err=0
s042=0
s043=0
s044=0
s045=0
fluid_alive=True err=0
s046=0
s047=0
s048=0
s049=0
mg2__alive=True err=0
s050=0
wiz__alive=True err=0
wiz_alive=Boolean err=0
s051=0
s052=0
s053=0
s054=0
s055=0
mg3__alive=True err=0
vmdl_alive=Boolean err=0
s056=0
s057=0
octparam__alive=True err=0
s058=0
s059=0
s060=0
s061=0
s062=0
s063=0
s064=0
s065=0
s066=0
s067=0
s068=0
s069=0
s070=0
s071=0
s072=0
s073=0
s074=0
s075=0
s076=0
s077=0
s078=0
s079=0
s080=0
s081=0
s082=0
s083=0
s084=0
s085=0
s086=0
s087=0
s088=0
s089=0
s090=0
s091=0
s092=0
s093=0
s094=0
s095=0
s096=0
s097=0
s098=0
s099=0
s100=0
s101=0
s102=0
s103=0
s104=0
s105=0
s106=0
s107=0
s108=0
s109=0
s110=0
s111=0
s112=0
s113=0
s114=0
s115=0
s116=0
s117=0
s118=0
s119=0
s120=0
s121=0
s122=0
s123=0
s124=0
s125=0
s126=0
s127=0
s128=0
s129=0
s130=0
s131=0
s132=0
s133=0
s134=0
s135=0
s136=0
mg4__alive=True err=0
s137=0
octparam4__alive=True err=0
s138=0
s139=0
s140=0
mg5__alive=True err=0
s141=0
s142=0
ret_oct=True err=0
s143=0
s144=0
s145=0
ret_mesh=True err=0
s146=0
s147=0
wait_ret=1 err=0
s148=0
mesh_exists=True err=0
s149=0
mesh_err=False err=0
s150=0
s151=0
end
