start
s001=0
app__alive=True err=0
s002=0
s003=0
doc__alive=True err=0
s004=0
s005=0
s006=0
s007=0
sn__alive=True err=0
s008=0
mg__alive=True err=0
s009=0
mdl__alive=True err=0
s010=0
oct__alive=True err=0
mesh_exists=True err=0
s011=0
s012=0
conds__alive=True err=0
conds_alive=True err=0
s013=0
s014=0
c0__alive=True err=0
cond0_alive=True err=0
s015=0
s016=0
c1__alive=True err=0
cond1_alive=True err=0
s017=0
s018=0
c2__alive=True err=0
cond2_alive=True err=0
s019=0
s020=0
c3__alive=True err=0
cond3_alive=True err=0
s021=0
s022=0
c4__alive=True err=0
cond4_alive=True err=0
s023=0
s024=0
c5__alive=True err=0
cond5_alive=True err=0
s025=0
s026=0
c6__alive=True err=0
cond6_alive=True err=0
s027=0
s028=0
c7__alive=True err=0
cond7_alive=True err=0
s029=0
s030=0
c8__alive=True err=0
cond8_alive=True err=0
s031=0
s032=0
c9__alive=True err=0
cond9_alive=True err=0
s033=0
s034=0
c10__alive=True err=0
cond10_alive=True err=0
s035=0
s036=0
c11__alive=True err=0
cond11_alive=True err=0
s037=0
s038=0
end
