start
s001=0
app__alive=True err=0
s002=0
s003=0
doc__alive=True err=0
s004=0
s005=0
s006=0
s007=0
mg0__alive=True err=0
s008=0
mgs0__alive=True err=0
s009=0
s010=0
set0_ret=True err=0
s011=0
s012=0
s013=0
get0_val=poly err=0
s014=0
s015=0
s016=0
s017=0
mg1__alive=True err=0
s018=0
mgs1__alive=True err=0
s019=0
s020=0
set1_ret=True err=0
s021=0
s022=0
s023=0
get1_val=oct err=0
s024=0
s025=0
s026=0
s027=0
mg2__alive=True err=0
s028=0
mgs2__alive=True err=0
s029=0
s030=0
set2_ret=True err=0
s031=0
s032=0
s033=0
get2_val=facet_base err=0
s034=0
s035=0
s036=0
s037=0
mg3__alive=True err=0
s038=0
mgs3__alive=True err=0
s039=0
s040=0
set3_ret=True err=0
s041=0
s042=0
s043=0
get3_val=solid_base err=0
s044=0
s045=0
s046=0
s047=0
mg4__alive=True err=0
s048=0
mgs4__alive=True err=0
s049=0
s050=0
set4_ret=True err=0
s051=0
s052=0
s053=0
get4_val=shape err=0
s054=0
s055=0
s056=0
s057=0
mg5__alive=True err=0
s058=0
mgs5__alive=True err=0
s059=0
s060=0
set5_ret=True err=0
s061=0
s062=0
s063=0
get5_val=speed err=0
s064=0
s065=0
s066=0
s067=0
mg6__alive=True err=0
s068=0
mgs6__alive=True err=0
s069=0
s070=0
set6_ret=False err=0
s071=0
s072=0
s073=0
get6_val=oct err=0
s074=0
s075=0
s076=0
s077=0
mg7__alive=True err=0
s078=0
mgs7__alive=True err=0
s079=0
s080=0
set7_ret=False err=0
s081=0
s082=0
s083=0
get7_val=solid_base err=0
s084=0
s085=0
s086=0
end
